\BOOKMARK [1][-]{section.1}{\376\377\000I\000n\000t\000r\000o\000d\000u\000c\000t\000i\000o\000n}{}% 1
\BOOKMARK [1][-]{section.2}{\376\377\000M\000a\000t\000e\000r\000i\000a\000l\000s\000\040\000a\000n\000d\000\040\000m\000e\000t\000h\000o\000d\000s}{}% 2
\BOOKMARK [2][-]{subsection.2.1}{\376\377\000C\000o\000h\000o\000r\000t\000\040\000c\000h\000a\000r\000a\000c\000t\000e\000r\000i\000s\000t\000i\000c\000s\000\040\000a\000n\000d\000\040\000e\000t\000h\000i\000c\000a\000l\000\040\000g\000o\000v\000e\000r\000n\000a\000n\000c\000e}{section.2}% 3
\BOOKMARK [2][-]{subsection.2.2}{\376\377\000F\000i\000n\000i\000t\000e\000-\000e\000l\000e\000m\000e\000n\000t\000\040\000m\000o\000d\000e\000l\000i\000n\000g\000\040\000a\000n\000d\000\040\000g\000e\000o\000m\000e\000t\000r\000y\000\040\000p\000a\000r\000a\000m\000e\000t\000e\000r\000i\000z\000a\000t\000i\000o\000n}{section.2}% 4
\BOOKMARK [2][-]{subsection.2.3}{\376\377\000S\000t\000a\000n\000d\000a\000r\000d\000i\000z\000e\000d\000\040\000p\000h\000y\000s\000i\000o\000l\000o\000g\000i\000c\000a\000l\000\040\000l\000o\000a\000d\000i\000n\000g\000\040\000r\000e\000g\000i\000m\000e\000s}{section.2}% 5
\BOOKMARK [2][-]{subsection.2.4}{\376\377\000S\000I\000J\000\040\000k\000i\000n\000e\000m\000a\000t\000i\000c\000s\000\040\000a\000n\000d\000\040\000l\000o\000c\000a\000l\000\040\000j\000o\000i\000n\000t\000\040\000c\000o\000o\000r\000d\000i\000n\000a\000t\000e\000\040\000t\000r\000i\000a\000d}{section.2}% 6
\BOOKMARK [2][-]{subsection.2.5}{\376\377\000V\000a\000r\000i\000a\000n\000c\000e\000-\000c\000h\000a\000n\000n\000e\000l\000\040\000d\000e\000c\000o\000m\000p\000o\000s\000i\000t\000i\000o\000n\000\040\000a\000n\000d\000\040\000p\000a\000i\000r\000e\000d\000\040\000d\000i\000a\000g\000n\000o\000s\000t\000i\000c\000s}{section.2}% 7
\BOOKMARK [2][-]{subsection.2.6}{\376\377\000S\000t\000a\000t\000i\000s\000t\000i\000c\000a\000l\000\040\000a\000n\000a\000l\000y\000s\000i\000s}{section.2}% 8
\BOOKMARK [1][-]{section.3}{\376\377\000R\000e\000s\000u\000l\000t\000s}{}% 9
\BOOKMARK [2][-]{subsection.3.1}{\376\377\000C\000o\000h\000o\000r\000t\000\040\000c\000o\000m\000p\000l\000e\000t\000e\000n\000e\000s\000s\000\040\000a\000n\000d\000\040\000m\000o\000r\000p\000h\000o\000m\000e\000t\000r\000i\000c\000\040\000s\000e\000x\000u\000a\000l\000\040\000d\000i\000m\000o\000r\000p\000h\000i\000s\000m}{section.3}% 10
\BOOKMARK [2][-]{subsection.3.2}{\376\377\000F\000u\000n\000c\000t\000i\000o\000n\000a\000l\000\040\000l\000o\000a\000d\000-\000d\000e\000p\000e\000n\000d\000e\000n\000c\000e\000:\000\040\000l\000o\000c\000o\000m\000o\000t\000o\000r\000\040\000s\000e\000l\000f\000-\000b\000r\000a\000c\000i\000n\000g\000\040\000v\000e\000r\000s\000u\000s\000\040\000a\000s\000y\000m\000m\000e\000t\000r\000i\000c\000\040\000s\000h\000e\000a\000r\000\040\000\050\000H\0001\000\051}{section.3}% 11
\BOOKMARK [2][-]{subsection.3.3}{\376\377\000D\000i\000r\000e\000c\000t\000i\000o\000n\000a\000l\000\040\000k\000i\000n\000e\000m\000a\000t\000i\000c\000\040\000c\000o\000n\000t\000r\000a\000s\000t\000s\000\040\000i\000n\000\040\0003\000D\000\040\000s\000t\000a\000t\000e\000\040\000s\000p\000a\000c\000e\000\040\000\050\000H\0002\000\051}{section.3}% 12
\BOOKMARK [2][-]{subsection.3.4}{\376\377\000S\000e\000x\000-\000r\000e\000l\000a\000t\000e\000d\000\040\000d\000i\000f\000f\000e\000r\000e\000n\000c\000e\000s\000\040\000a\000n\000d\000\040\000m\000o\000r\000p\000h\000o\000m\000e\000t\000r\000i\000c\000\040\000a\000s\000s\000o\000c\000i\000a\000t\000i\000o\000n\000s\000\040\000\050\000H\0003\000\051}{section.3}% 13
\BOOKMARK [2][-]{subsection.3.5}{\376\377\000V\000a\000r\000i\000a\000n\000c\000e\000\040\000c\000h\000a\000n\000n\000e\000l\000s\000:\000\040\000s\000t\000r\000u\000c\000t\000u\000r\000a\000l\000\040\000g\000e\000o\000m\000e\000t\000r\000y\000\040\000v\000e\000r\000s\000u\000s\000\040\000m\000a\000t\000e\000r\000i\000a\000l\000\040\000h\000e\000t\000e\000r\000o\000g\000e\000n\000e\000i\000t\000y\000\040\000\050\000H\0004\000\051}{section.3}% 14
\BOOKMARK [2][-]{subsection.3.6}{\376\377\000S\000e\000c\000o\000n\000d\000a\000r\000y\000\040\000a\000l\000l\000o\000m\000e\000t\000r\000i\000c\000\040\000s\000c\000a\000l\000i\000n\000g\000\040\000w\000i\000t\000h\000\040\000p\000e\000l\000v\000i\000c\000\040\000s\000i\000z\000e}{section.3}% 15
\BOOKMARK [2][-]{subsection.3.7}{\376\377\000S\000u\000m\000m\000a\000r\000y\000\040\000o\000f\000\040\000h\000y\000p\000o\000t\000h\000e\000s\000i\000s\000\040\000t\000e\000s\000t\000i\000n\000g}{section.3}% 16
\BOOKMARK [1][-]{section.4}{\376\377\000D\000i\000s\000c\000u\000s\000s\000i\000o\000n}{}% 17
\BOOKMARK [1][-]{section.5}{\376\377\000C\000o\000n\000c\000l\000u\000s\000i\000o\000n}{}% 18
\BOOKMARK [1][-]{appendix.A}{\376\377\000M\000a\000t\000h\000e\000m\000a\000t\000i\000c\000a\000l\000\040\000F\000o\000r\000m\000u\000l\000a\000t\000i\000o\000n\000\040\000o\000f\000\040\000S\000a\000c\000r\000o\000i\000l\000i\000a\000c\000\040\000J\000o\000i\000n\000t\000\040\000M\000i\000c\000r\000o\000m\000o\000t\000i\000o\000n\000\040\000A\000n\000a\000l\000y\000s\000i\000s}{}% 19
\BOOKMARK [2][-]{subsection.A.1}{\376\377\000C\000o\000n\000t\000i\000n\000u\000u\000m\000\040\000f\000i\000n\000i\000t\000e\000-\000e\000l\000e\000m\000e\000n\000t\000\040\000f\000o\000r\000m\000u\000l\000a\000t\000i\000o\000n\000\040\000a\000n\000d\000\040\000b\000o\000u\000n\000d\000a\000r\000y\000\040\000v\000a\000l\000u\000e\000\040\000p\000r\000o\000b\000l\000e\000m}{appendix.A}% 20
\BOOKMARK [2][-]{subsection.A.2}{\376\377\000C\000o\000n\000s\000t\000r\000u\000c\000t\000i\000o\000n\000\040\000o\000f\000\040\000t\000h\000e\000\040\000a\000n\000a\000t\000o\000m\000i\000c\000a\000l\000\040\000p\000e\000l\000v\000i\000c\000\040\000c\000o\000o\000r\000d\000i\000n\000a\000t\000e\000\040\000f\000r\000a\000m\000e}{appendix.A}% 21
\BOOKMARK [2][-]{subsection.A.3}{\376\377\000G\000l\000o\000b\000a\000l\000\040\000a\000f\000f\000i\000n\000e\000\040\000s\000a\000c\000r\000u\000m\000\040\000d\000r\000i\000f\000t\000\040\000e\000l\000i\000m\000i\000n\000a\000t\000i\000o\000n}{appendix.A}% 22
\BOOKMARK [2][-]{subsection.A.4}{\376\377\000A\000r\000t\000i\000c\000u\000l\000a\000r\000\040\000r\000e\000g\000i\000o\000n\000\040\000o\000f\000\040\000i\000n\000t\000e\000r\000e\000s\000t\000\040\000\050\000R\000O\000I\000\051\000\040\000i\000d\000e\000n\000t\000i\000f\000i\000c\000a\000t\000i\000o\000n}{appendix.A}% 23
\BOOKMARK [2][-]{subsection.A.5}{\376\377\000R\000o\000b\000u\000s\000t\000\040\000t\000r\000i\000m\000m\000e\000d\000\040\000K\000a\000b\000s\000c\000h\000\040\000r\000i\000g\000i\000d\000\040\000r\000e\000g\000i\000s\000t\000r\000a\000t\000i\000o\000n}{appendix.A}% 24
\BOOKMARK [2][-]{subsection.A.6}{\376\377\000R\000e\000l\000a\000t\000i\000v\000e\000\040\000k\000i\000n\000e\000m\000a\000t\000i\000c\000s\000\040\000a\000n\000d\000\040\000C\000a\000r\000d\000a\000n\000\040\000a\000n\000g\000l\000e\000\040\000d\000e\000c\000o\000m\000p\000o\000s\000i\000t\000i\000o\000n}{appendix.A}% 25
\BOOKMARK [2][-]{subsection.A.7}{\376\377\000A\000r\000t\000i\000c\000u\000l\000a\000r\000\040\000c\000o\000n\000t\000a\000c\000t\000\040\000c\000e\000n\000t\000r\000o\000i\000d\000\040\000t\000r\000a\000n\000s\000l\000a\000t\000i\000o\000n\000\040\000v\000e\000c\000t\000o\000r}{appendix.A}% 26
\BOOKMARK [2][-]{subsection.A.8}{\376\377\000B\000i\000l\000a\000t\000e\000r\000a\000l\000\040\000k\000i\000n\000e\000m\000a\000t\000i\000c\000\040\000a\000g\000g\000r\000e\000g\000a\000t\000i\000o\000n\000\040\000a\000n\000d\000\040\000c\000o\000h\000o\000r\000t\000\040\000s\000u\000m\000m\000a\000r\000y\000\040\000m\000e\000t\000r\000i\000c\000s}{appendix.A}% 27
\BOOKMARK [2][-]{subsection.A.9}{\376\377\000M\000o\000r\000p\000h\000o\000m\000e\000t\000r\000i\000c\000\040\000t\000r\000i\000a\000d\000\040\000d\000e\000f\000i\000n\000i\000t\000i\000o\000n\000s}{appendix.A}% 28
