This is pdfTeX, Version 3.141592653-2.6-1.40.25 (TeX Live 2023/Debian) (preloaded format=pdflatex 2026.2.16)  25 FEB 2026 12:11
entering extended mode
 restricted \write18 enabled.
 file:line:error style messages enabled.
 %&-line parsing enabled.
**/mnt/pracovni/Active_projects/Obstretrical_dillema/manuscripts/report/manuscript.tex
(/mnt/pracovni/Active_projects/Obstretrical_dillema/manuscripts/report/manuscript.tex
LaTeX2e <2023-11-01> patch level 1
L3 programming layer <2024-01-22>
(/usr/share/texlive/texmf-dist/tex/latex/base/article.cls
Document Class: article 2023/05/17 v1.4n Standard LaTeX document class
(/usr/share/texlive/texmf-dist/tex/latex/base/size11.clo
File: size11.clo 2023/05/17 v1.4n Standard LaTeX file (size option)
)
\c@part=\count187
\c@section=\count188
\c@subsection=\count189
\c@subsubsection=\count190
\c@paragraph=\count191
\c@subparagraph=\count192
\c@figure=\count193
\c@table=\count194
\abovecaptionskip=\skip48
\belowcaptionskip=\skip49
\bibindent=\dimen140
) (/usr/share/texlive/texmf-dist/tex/latex/geometry/geometry.sty
Package: geometry 2020/01/02 v5.9 Page Geometry
 (/usr/share/texlive/texmf-dist/tex/latex/graphics/keyval.sty
Package: keyval 2022/05/29 v1.15 key=value parser (DPC)
\KV@toks@=\toks17
) (/usr/share/texlive/texmf-dist/tex/generic/iftex/ifvtex.sty
Package: ifvtex 2019/10/25 v1.7 ifvtex legacy package. Use iftex instead.
 (/usr/share/texlive/texmf-dist/tex/generic/iftex/iftex.sty
Package: iftex 2022/02/03 v1.0f TeX engine tests
))
\Gm@cnth=\count195
\Gm@cntv=\count196
\c@Gm@tempcnt=\count197
\Gm@bindingoffset=\dimen141
\Gm@wd@mp=\dimen142
\Gm@odd@mp=\dimen143
\Gm@even@mp=\dimen144
\Gm@layoutwidth=\dimen145
\Gm@layoutheight=\dimen146
\Gm@layouthoffset=\dimen147
\Gm@layoutvoffset=\dimen148
\Gm@dimlist=\toks18
) (/usr/share/texlive/texmf-dist/tex/latex/amsmath/amsmath.sty
Package: amsmath 2023/05/13 v2.17o AMS math features
\@mathmargin=\skip50

For additional information on amsmath, use the `?' option.
(/usr/share/texlive/texmf-dist/tex/latex/amsmath/amstext.sty
Package: amstext 2021/08/26 v2.01 AMS text
 (/usr/share/texlive/texmf-dist/tex/latex/amsmath/amsgen.sty
File: amsgen.sty 1999/11/30 v2.0 generic functions
\@emptytoks=\toks19
\ex@=\dimen149
)) (/usr/share/texlive/texmf-dist/tex/latex/amsmath/amsbsy.sty
Package: amsbsy 1999/11/29 v1.2d Bold Symbols
\pmbraise@=\dimen150
) (/usr/share/texlive/texmf-dist/tex/latex/amsmath/amsopn.sty
Package: amsopn 2022/04/08 v2.04 operator names
)
\inf@bad=\count198
LaTeX Info: Redefining \frac on input line 234.
\uproot@=\count199
\leftroot@=\count266
LaTeX Info: Redefining \overline on input line 399.
LaTeX Info: Redefining \colon on input line 410.
\classnum@=\count267
\DOTSCASE@=\count268
LaTeX Info: Redefining \ldots on input line 496.
LaTeX Info: Redefining \dots on input line 499.
LaTeX Info: Redefining \cdots on input line 620.
\Mathstrutbox@=\box51
\strutbox@=\box52
LaTeX Info: Redefining \big on input line 722.
LaTeX Info: Redefining \Big on input line 723.
LaTeX Info: Redefining \bigg on input line 724.
LaTeX Info: Redefining \Bigg on input line 725.
\big@size=\dimen151
LaTeX Font Info:    Redeclaring font encoding OML on input line 743.
LaTeX Font Info:    Redeclaring font encoding OMS on input line 744.
\macc@depth=\count269
LaTeX Info: Redefining \bmod on input line 905.
LaTeX Info: Redefining \pmod on input line 910.
LaTeX Info: Redefining \smash on input line 940.
LaTeX Info: Redefining \relbar on input line 970.
LaTeX Info: Redefining \Relbar on input line 971.
\c@MaxMatrixCols=\count270
\dotsspace@=\muskip16
\c@parentequation=\count271
\dspbrk@lvl=\count272
\tag@help=\toks20
\row@=\count273
\column@=\count274
\maxfields@=\count275
\andhelp@=\toks21
\eqnshift@=\dimen152
\alignsep@=\dimen153
\tagshift@=\dimen154
\tagwidth@=\dimen155
\totwidth@=\dimen156
\lineht@=\dimen157
\@envbody=\toks22
\multlinegap=\skip51
\multlinetaggap=\skip52
\mathdisplay@stack=\toks23
LaTeX Info: Redefining \[ on input line 2953.
LaTeX Info: Redefining \] on input line 2954.
) (/usr/share/texlive/texmf-dist/tex/latex/amsfonts/amssymb.sty
Package: amssymb 2013/01/14 v3.01 AMS font symbols
 (/usr/share/texlive/texmf-dist/tex/latex/amsfonts/amsfonts.sty
Package: amsfonts 2013/01/14 v3.01 Basic AMSFonts support
\symAMSa=\mathgroup4
\symAMSb=\mathgroup5
LaTeX Font Info:    Redeclaring math symbol \hbar on input line 98.
LaTeX Font Info:    Overwriting math alphabet `\mathfrak' in version `bold'
(Font)                  U/euf/m/n --> U/euf/b/n on input line 106.
)) (/usr/share/texlive/texmf-dist/tex/latex/tools/bm.sty
Package: bm 2023/07/08 v1.2f Bold Symbol Support (DPC/FMi)
\symboldoperators=\mathgroup6
\symboldletters=\mathgroup7
\symboldsymbols=\mathgroup8
Package bm Info: No bold for \OMX/cmex/m/n, using \pmb.
Package bm Info: No bold for \U/msa/m/n, using \pmb.
Package bm Info: No bold for \U/msb/m/n, using \pmb.
LaTeX Font Info:    Redeclaring math alphabet \mathbf on input line 149.
) (/usr/share/texlive/texmf-dist/tex/latex/graphics/graphicx.sty
Package: graphicx 2021/09/16 v1.2d Enhanced LaTeX Graphics (DPC,SPQR)
 (/usr/share/texlive/texmf-dist/tex/latex/graphics/graphics.sty
Package: graphics 2022/03/10 v1.4e Standard LaTeX Graphics (DPC,SPQR)
 (/usr/share/texlive/texmf-dist/tex/latex/graphics/trig.sty
Package: trig 2021/08/11 v1.11 sin cos tan (DPC)
) (/usr/share/texlive/texmf-dist/tex/latex/graphics-cfg/graphics.cfg
File: graphics.cfg 2016/06/04 v1.11 sample graphics configuration
)
Package graphics Info: Driver file: pdftex.def on input line 107.
 (/usr/share/texlive/texmf-dist/tex/latex/graphics-def/pdftex.def
File: pdftex.def 2022/09/22 v1.2b Graphics/color driver for pdftex
))
\Gin@req@height=\dimen158
\Gin@req@width=\dimen159
) (/usr/share/texlive/texmf-dist/tex/latex/booktabs/booktabs.sty
Package: booktabs 2020/01/12 v1.61803398 Publication quality tables
\heavyrulewidth=\dimen160
\lightrulewidth=\dimen161
\cmidrulewidth=\dimen162
\belowrulesep=\dimen163
\belowbottomsep=\dimen164
\aboverulesep=\dimen165
\abovetopsep=\dimen166
\cmidrulesep=\dimen167
\cmidrulekern=\dimen168
\defaultaddspace=\dimen169
\@cmidla=\count276
\@cmidlb=\count277
\@aboverulesep=\dimen170
\@belowrulesep=\dimen171
\@thisruleclass=\count278
\@lastruleclass=\count279
\@thisrulewidth=\dimen172
) (/usr/share/texlive/texmf-dist/tex/latex/natbib/natbib.sty
Package: natbib 2010/09/13 8.31b (PWD, AO)
\bibhang=\skip53
\bibsep=\skip54
LaTeX Info: Redefining \cite on input line 694.
\c@NAT@ctr=\count280
) (/usr/share/texlive/texmf-dist/tex/latex/hyperref/hyperref.sty
Package: hyperref 2024-01-20 v7.01h Hypertext links for LaTeX
 (/usr/share/texlive/texmf-dist/tex/latex/kvsetkeys/kvsetkeys.sty
Package: kvsetkeys 2022-10-05 v1.19 Key value parser (HO)
) (/usr/share/texlive/texmf-dist/tex/generic/kvdefinekeys/kvdefinekeys.sty
Package: kvdefinekeys 2019-12-19 v1.6 Define keys (HO)
) (/usr/share/texlive/texmf-dist/tex/generic/pdfescape/pdfescape.sty
Package: pdfescape 2019/12/09 v1.15 Implements pdfTeX's escape features (HO)
 (/usr/share/texlive/texmf-dist/tex/generic/ltxcmds/ltxcmds.sty
Package: ltxcmds 2023-12-04 v1.26 LaTeX kernel commands for general use (HO)
) (/usr/share/texlive/texmf-dist/tex/generic/pdftexcmds/pdftexcmds.sty
Package: pdftexcmds 2020-06-27 v0.33 Utility functions of pdfTeX for LuaTeX (HO)
 (/usr/share/texlive/texmf-dist/tex/generic/infwarerr/infwarerr.sty
Package: infwarerr 2019/12/03 v1.5 Providing info/warning/error messages (HO)
)
Package pdftexcmds Info: \pdf@primitive is available.
Package pdftexcmds Info: \pdf@ifprimitive is available.
Package pdftexcmds Info: \pdfdraftmode found.
)) (/usr/share/texlive/texmf-dist/tex/latex/hycolor/hycolor.sty
Package: hycolor 2020-01-27 v1.10 Color options for hyperref/bookmark (HO)
) (/usr/share/texlive/texmf-dist/tex/latex/auxhook/auxhook.sty
Package: auxhook 2019-12-17 v1.6 Hooks for auxiliary files (HO)
) (/usr/share/texlive/texmf-dist/tex/latex/hyperref/nameref.sty
Package: nameref 2023-11-26 v2.56 Cross-referencing by name of section
 (/usr/share/texlive/texmf-dist/tex/latex/refcount/refcount.sty
Package: refcount 2019/12/15 v3.6 Data extraction from label references (HO)
) (/usr/share/texlive/texmf-dist/tex/generic/gettitlestring/gettitlestring.sty
Package: gettitlestring 2019/12/15 v1.6 Cleanup title references (HO)
 (/usr/share/texlive/texmf-dist/tex/latex/kvoptions/kvoptions.sty
Package: kvoptions 2022-06-15 v3.15 Key value format for package options (HO)
))
\c@section@level=\count281
) (/usr/share/texlive/texmf-dist/tex/latex/etoolbox/etoolbox.sty
Package: etoolbox 2020/10/05 v2.5k e-TeX tools for LaTeX (JAW)
\etb@tempcnta=\count282
)
\@linkdim=\dimen173
\Hy@linkcounter=\count283
\Hy@pagecounter=\count284
 (/usr/share/texlive/texmf-dist/tex/latex/hyperref/pd1enc.def
File: pd1enc.def 2024-01-20 v7.01h Hyperref: PDFDocEncoding definition (HO)
Now handling font encoding PD1 ...
... no UTF-8 mapping file for font encoding PD1
) (/usr/share/texlive/texmf-dist/tex/generic/intcalc/intcalc.sty
Package: intcalc 2019/12/15 v1.3 Expandable calculations with integers (HO)
)
\Hy@SavedSpaceFactor=\count285
 (/usr/share/texlive/texmf-dist/tex/latex/hyperref/puenc.def
File: puenc.def 2024-01-20 v7.01h Hyperref: PDF Unicode definition (HO)
Now handling font encoding PU ...
... no UTF-8 mapping file for font encoding PU
)
Package hyperref Info: Hyper figures OFF on input line 4179.
Package hyperref Info: Link nesting OFF on input line 4184.
Package hyperref Info: Hyper index ON on input line 4187.
Package hyperref Info: Plain pages OFF on input line 4194.
Package hyperref Info: Backreferencing OFF on input line 4199.
Package hyperref Info: Implicit mode ON; LaTeX internals redefined.
Package hyperref Info: Bookmarks ON on input line 4446.
\c@Hy@tempcnt=\count286
 (/usr/share/texlive/texmf-dist/tex/latex/url/url.sty
\Urlmuskip=\muskip17
Package: url 2013/09/16  ver 3.4  Verb mode for urls, etc.
)
LaTeX Info: Redefining \url on input line 4784.
\XeTeXLinkMargin=\dimen174
 (/usr/share/texlive/texmf-dist/tex/generic/bitset/bitset.sty
Package: bitset 2019/12/09 v1.3 Handle bit-vector datatype (HO)
 (/usr/share/texlive/texmf-dist/tex/generic/bigintcalc/bigintcalc.sty
Package: bigintcalc 2019/12/15 v1.5 Expandable calculations on big integers (HO)
))
\Fld@menulength=\count287
\Field@Width=\dimen175
\Fld@charsize=\dimen176
Package hyperref Info: Hyper figures OFF on input line 6063.
Package hyperref Info: Link nesting OFF on input line 6068.
Package hyperref Info: Hyper index ON on input line 6071.
Package hyperref Info: backreferencing OFF on input line 6078.
Package hyperref Info: Link coloring OFF on input line 6083.
Package hyperref Info: Link coloring with OCG OFF on input line 6088.
Package hyperref Info: PDF/A mode OFF on input line 6093.
 (/usr/share/texlive/texmf-dist/tex/latex/base/atbegshi-ltx.sty
Package: atbegshi-ltx 2021/01/10 v1.0c Emulation of the original atbegshi
package with kernel methods
)
\Hy@abspage=\count288
\c@Item=\count289
\c@Hfootnote=\count290
)
Package hyperref Info: Driver (autodetected): hpdftex.
 (/usr/share/texlive/texmf-dist/tex/latex/hyperref/hpdftex.def
File: hpdftex.def 2024-01-20 v7.01h Hyperref driver for pdfTeX
 (/usr/share/texlive/texmf-dist/tex/latex/base/atveryend-ltx.sty
Package: atveryend-ltx 2020/08/19 v1.0a Emulation of the original atveryend package
with kernel methods
)
\Fld@listcount=\count291
\c@bookmark@seq@number=\count292
 (/usr/share/texlive/texmf-dist/tex/latex/rerunfilecheck/rerunfilecheck.sty
Package: rerunfilecheck 2022-07-10 v1.10 Rerun checks for auxiliary files (HO)
 (/usr/share/texlive/texmf-dist/tex/generic/uniquecounter/uniquecounter.sty
Package: uniquecounter 2019/12/15 v1.4 Provide unlimited unique counter (HO)
)
Package uniquecounter Info: New unique counter `rerunfilecheck' on input line 285.
)
\Hy@SectionHShift=\skip55
) (/usr/share/texlive/texmf-dist/tex/latex/mathtools/mathtools.sty
Package: mathtools 2022/06/29 v1.29 mathematical typesetting tools
 (/usr/share/texlive/texmf-dist/tex/latex/tools/calc.sty
Package: calc 2023/07/08 v4.3 Infix arithmetic (KKT,FJ)
\calc@Acount=\count293
\calc@Bcount=\count294
\calc@Adimen=\dimen177
\calc@Bdimen=\dimen178
\calc@Askip=\skip56
\calc@Bskip=\skip57
LaTeX Info: Redefining \setlength on input line 80.
LaTeX Info: Redefining \addtolength on input line 81.
\calc@Ccount=\count295
\calc@Cskip=\skip58
) (/usr/share/texlive/texmf-dist/tex/latex/mathtools/mhsetup.sty
Package: mhsetup 2021/03/18 v1.4 programming setup (MH)
)
\g_MT_multlinerow_int=\count296
\l_MT_multwidth_dim=\dimen179
\origjot=\skip59
\l_MT_shortvdotswithinadjustabove_dim=\dimen180
\l_MT_shortvdotswithinadjustbelow_dim=\dimen181
\l_MT_above_intertext_sep=\dimen182
\l_MT_below_intertext_sep=\dimen183
\l_MT_above_shortintertext_sep=\dimen184
\l_MT_below_shortintertext_sep=\dimen185
\xmathstrut@box=\box53
\xmathstrut@dim=\dimen186
) (/usr/share/texlive/texmf-dist/tex/latex/enumitem/enumitem.sty
Package: enumitem 2019/06/20 v3.9 Customized lists
\labelindent=\skip60
\enit@outerparindent=\dimen187
\enit@toks=\toks24
\enit@inbox=\box54
\enit@count@id=\count297
\enitdp@description=\count298
) (/usr/share/texlive/texmf-dist/tex/latex/placeins/placeins.sty
Package: placeins 2005/04/18  v 2.2
)
\c@figpanel=\count299
 (/usr/share/texlive/texmf-dist/tex/latex/l3backend/l3backend-pdftex.def
File: l3backend-pdftex.def 2024-01-04 L3 backend support: PDF output (pdfTeX)
\l__color_backend_stack_int=\count300
\l__pdf_internal_box=\box55
) (%OUTDIR%/manuscript.aux)
\openout1 = `manuscript.aux'.

LaTeX Font Info:    Checking defaults for OML/cmm/m/it on input line 38.
LaTeX Font Info:    ... okay on input line 38.
LaTeX Font Info:    Checking defaults for OMS/cmsy/m/n on input line 38.
LaTeX Font Info:    ... okay on input line 38.
LaTeX Font Info:    Checking defaults for OT1/cmr/m/n on input line 38.
LaTeX Font Info:    ... okay on input line 38.
LaTeX Font Info:    Checking defaults for T1/cmr/m/n on input line 38.
LaTeX Font Info:    ... okay on input line 38.
LaTeX Font Info:    Checking defaults for TS1/cmr/m/n on input line 38.
LaTeX Font Info:    ... okay on input line 38.
LaTeX Font Info:    Checking defaults for OMX/cmex/m/n on input line 38.
LaTeX Font Info:    ... okay on input line 38.
LaTeX Font Info:    Checking defaults for U/cmr/m/n on input line 38.
LaTeX Font Info:    ... okay on input line 38.
LaTeX Font Info:    Checking defaults for PD1/pdf/m/n on input line 38.
LaTeX Font Info:    ... okay on input line 38.
LaTeX Font Info:    Checking defaults for PU/pdf/m/n on input line 38.
LaTeX Font Info:    ... okay on input line 38.

*geometry* driver: auto-detecting
*geometry* detected driver: pdftex
*geometry* verbose mode - [ preamble ] result:
* driver: pdftex
* paper: <default>
* layout: <same size as paper>
* layoutoffset:(h,v)=(0.0pt,0.0pt)
* modes: 
* h-part:(L,W,R)=(72.26999pt, 469.75502pt, 72.26999pt)
* v-part:(T,H,B)=(72.26999pt, 650.43001pt, 72.26999pt)
* \paperwidth=614.295pt
* \paperheight=794.96999pt
* \textwidth=469.75502pt
* \textheight=650.43001pt
* \oddsidemargin=0.0pt
* \evensidemargin=0.0pt
* \topmargin=-37.0pt
* \headheight=12.0pt
* \headsep=25.0pt
* \topskip=11.0pt
* \footskip=30.0pt
* \marginparwidth=59.0pt
* \marginparsep=10.0pt
* \columnsep=10.0pt
* \skip\footins=10.0pt plus 4.0pt minus 2.0pt
* \hoffset=0.0pt
* \voffset=0.0pt
* \mag=1000
* \@twocolumnfalse
* \@twosidefalse
* \@mparswitchfalse
* \@reversemarginfalse
* (1in=72.27pt=25.4mm, 1cm=28.453pt)

(/usr/share/texlive/texmf-dist/tex/context/base/mkii/supp-pdf.mkii
[Loading MPS to PDF converter (version 2006.09.02).]
\scratchcounter=\count301
\scratchdimen=\dimen188
\scratchbox=\box56
\nofMPsegments=\count302
\nofMParguments=\count303
\everyMPshowfont=\toks25
\MPscratchCnt=\count304
\MPscratchDim=\dimen189
\MPnumerator=\count305
\makeMPintoPDFobject=\count306
\everyMPtoPDFconversion=\toks26
) (/usr/share/texlive/texmf-dist/tex/latex/epstopdf-pkg/epstopdf-base.sty
Package: epstopdf-base 2020-01-24 v2.11 Base part for package epstopdf
 (/usr/share/texlive/texmf-dist/tex/latex/grfext/grfext.sty
Package: grfext 2019/12/03 v1.3 Manage graphics extensions (HO)
)
Package epstopdf-base Info: Redefining graphics rule for `.eps' on input line 485.
Package grfext Info: Graphics extension search list:
(grfext)             [.pdf,.png,.jpg,.mps,.jpeg,.jbig2,.jb2,.PDF,.PNG,.JPG,.JPEG,.JBIG2,.JB2,.eps]
(grfext)             \AppendGraphicsExtensions on input line 504.
 (/usr/share/texlive/texmf-dist/tex/latex/latexconfig/epstopdf-sys.cfg
File: epstopdf-sys.cfg 2010/07/13 v1.3 Configuration of (r)epstopdf for TeX Live
))
Package hyperref Info: Link coloring OFF on input line 38.
 (%OUTDIR%/manuscript.out) (%OUTDIR%/manuscript.out)
\@outlinefile=\write3
\openout3 = `manuscript.out'.

LaTeX Font Info:    Trying to load font information for U+msa on input line 40.
 (/usr/share/texlive/texmf-dist/tex/latex/amsfonts/umsa.fd
File: umsa.fd 2013/01/14 v3.01 AMS symbols A
)
LaTeX Font Info:    Trying to load font information for U+msb on input line 40.
 (/usr/share/texlive/texmf-dist/tex/latex/amsfonts/umsb.fd
File: umsb.fd 2013/01/14 v3.01 AMS symbols B
) [1

{/var/lib/texmf/fonts/map/pdftex/updmap/pdftex.map}] [2] [3] [4] [5] [6] [7] [8] [9] [10{/usr/share/texmf/fonts/enc/dvips/cm-super/cm-super-ts1.enc}] [11] [12]
<../../analysis_outputs/figures/toy_model_figure_grid.pdf, id=390, 532.89255pt x 286.1892pt>
File: ../../analysis_outputs/figures/toy_model_figure_grid.pdf Graphic file (type pdf)
<use ../../analysis_outputs/figures/toy_model_figure_grid.pdf>
Package pdftex.def Info: ../../analysis_outputs/figures/toy_model_figure_grid.pdf  used on input line 551.
(pdftex.def)             Requested size: 469.75502pt x 252.2883pt.
 [13 <../../analysis_outputs/figures/toy_model_figure_grid.pdf>]
<../../analysis_outputs/figures/toy_population_variability_dashboard.pdf, id=417, 613.81726pt x 321.59029pt>
File: ../../analysis_outputs/figures/toy_population_variability_dashboard.pdf Graphic file (type pdf)
<use ../../analysis_outputs/figures/toy_population_variability_dashboard.pdf>
Package pdftex.def Info: ../../analysis_outputs/figures/toy_population_variability_dashboard.pdf  used on input line 570.
(pdftex.def)             Requested size: 469.75502pt x 246.1139pt.
 [14 <../../analysis_outputs/figures/toy_population_variability_dashboard.pdf>]
<../../results/ref_S1P_fixed_new2/modes_visualisation/modes_median_AP.png, id=448, 1040.688pt x 1734.48pt>
File: ../../results/ref_S1P_fixed_new2/modes_visualisation/modes_median_AP.png Graphic file (type png)
<use ../../results/ref_S1P_fixed_new2/modes_visualisation/modes_median_AP.png>
Package pdftex.def Info: ../../results/ref_S1P_fixed_new2/modes_visualisation/modes_median_AP.png  used on input line 610.
(pdftex.def)             Requested size: 331.72484pt x 552.87474pt.
 [15] [16 <../../results/ref_S1P_fixed_new2/modes_visualisation/modes_median_AP.png>]
<../../analysis_outputs/figures/sex_age_analysis.pdf, id=467, 526.24118pt x 260.17201pt>
File: ../../analysis_outputs/figures/sex_age_analysis.pdf Graphic file (type pdf)
<use ../../analysis_outputs/figures/sex_age_analysis.pdf>
Package pdftex.def Info: ../../analysis_outputs/figures/sex_age_analysis.pdf  used on input line 637.
(pdftex.def)             Requested size: 469.75502pt x 232.25104pt.
 [17] [18 <../../analysis_outputs/figures/sex_age_analysis.pdf>]
<../../analysis_outputs/figures/spectral_structure_dashboard.pdf, id=521, 569.03252pt x 208.1376pt>
File: ../../analysis_outputs/figures/spectral_structure_dashboard.pdf Graphic file (type pdf)
<use ../../analysis_outputs/figures/spectral_structure_dashboard.pdf>
Package pdftex.def Info: ../../analysis_outputs/figures/spectral_structure_dashboard.pdf  used on input line 680.
(pdftex.def)             Requested size: 469.75502pt x 171.83313pt.
 (../../analysis_outputs/tables/clusters.tex) [19 <../../analysis_outputs/figures/spectral_structure_dashboard.pdf>]
<../../analysis_outputs/figures/subspace_analysis_dashboard.pdf, id=549, 528.67636pt x 650.43pt>
File: ../../analysis_outputs/figures/subspace_analysis_dashboard.pdf Graphic file (type pdf)
<use ../../analysis_outputs/figures/subspace_analysis_dashboard.pdf>
Package pdftex.def Info: ../../analysis_outputs/figures/subspace_analysis_dashboard.pdf  used on input line 722.
(pdftex.def)             Requested size: 433.54968pt x 533.39575pt.
 [20] [21 <../../analysis_outputs/figures/subspace_analysis_dashboard.pdf>] [22]
<../../analysis_outputs/figures/sex_stratified_summary.pdf, id=602, 536.93709pt x 520.34402pt>
File: ../../analysis_outputs/figures/sex_stratified_summary.pdf Graphic file (type pdf)
<use ../../analysis_outputs/figures/sex_stratified_summary.pdf>
Package pdftex.def Info: ../../analysis_outputs/figures/sex_stratified_summary.pdf  used on input line 793.
(pdftex.def)             Requested size: 469.75502pt x 455.2602pt.
 (../../analysis_outputs/tables/sex_stratified_summary.tex) (../../analysis_outputs/tables/veering_vs_mixing_classification.tex) (../../analysis_outputs/tables/swap_pair_diagnostics.tex) (../../analysis_outputs/tables/swap_rates.tex) (../../analysis_outputs/tables/veering_null_test.tex) (../../analysis_outputs/tables/cohort_bootstrap_robustness.tex) [23] [24 <../../analysis_outputs/figures/sex_stratified_summary.pdf>] [25] [26] [27]
<../../results/ref_S1P_fixed_new2/analysis/fractions_panel_A.pdf, id=650, 520.32706pt x 208.1376pt>
File: ../../results/ref_S1P_fixed_new2/analysis/fractions_panel_A.pdf Graphic file (type pdf)
<use ../../results/ref_S1P_fixed_new2/analysis/fractions_panel_A.pdf>
Package pdftex.def Info: ../../results/ref_S1P_fixed_new2/analysis/fractions_panel_A.pdf  used on input line 877.
(pdftex.def)             Requested size: 469.75502pt x 187.91283pt.
 [28]
<../../analysis_outputs/figures/mode_activation_dashboard.pdf, id=663, 522.05771pt x 305.7021pt>
File: ../../analysis_outputs/figures/mode_activation_dashboard.pdf Graphic file (type pdf)
<use ../../analysis_outputs/figures/mode_activation_dashboard.pdf>
Package pdftex.def Info: ../../analysis_outputs/figures/mode_activation_dashboard.pdf  used on input line 908.
(pdftex.def)             Requested size: 469.75502pt x 275.08736pt.
 (../../analysis_outputs/tables/mode_activation_dominant_sets.tex) (../../analysis_outputs/tables/mode_activation_overlap.tex) [29 <../../results/ref_S1P_fixed_new2/analysis/fractions_panel_A.pdf>] [30 <../../analysis_outputs/figures/mode_activation_dashboard.pdf>]
LaTeX Font Info:    Trying to load font information for OMS+cmr on input line 952.
 (/usr/share/texlive/texmf-dist/tex/latex/base/omscmr.fd
File: omscmr.fd 2023/04/13 v2.5m Standard LaTeX font definitions
)
LaTeX Font Info:    Font shape `OMS/cmr/m/n' in size <10.95> not available
(Font)              Font shape `OMS/cmsy/m/n' tried instead on input line 952.
 [31]
<../../analysis_outputs/figures/labour_routing_tradeoff.pdf, id=721, 813.45042pt x 158.75874pt>
File: ../../analysis_outputs/figures/labour_routing_tradeoff.pdf Graphic file (type pdf)
<use ../../analysis_outputs/figures/labour_routing_tradeoff.pdf>
Package pdftex.def Info: ../../analysis_outputs/figures/labour_routing_tradeoff.pdf  used on input line 958.
(pdftex.def)             Requested size: 469.75502pt x 91.68042pt.
 (../../analysis_outputs/tables/function_locking_synthesis.tex)
<../../analysis_outputs/figures/function_locking_heatmap.pdf, id=725, 531.85701pt x 199.96791pt>
File: ../../analysis_outputs/figures/function_locking_heatmap.pdf Graphic file (type pdf)
<use ../../analysis_outputs/figures/function_locking_heatmap.pdf>
Package pdftex.def Info: ../../analysis_outputs/figures/function_locking_heatmap.pdf  used on input line 1000.
(pdftex.def)             Requested size: 469.75502pt x 176.62221pt.
 [32 <../../analysis_outputs/figures/labour_routing_tradeoff.pdf>] [33 <../../analysis_outputs/figures/function_locking_heatmap.pdf>]
<../../analysis_outputs/figures/fig12_swap_specificity_dashboard_bone.pdf, id=797, 520.34402pt x 520.34402pt>
File: ../../analysis_outputs/figures/fig12_swap_specificity_dashboard_bone.pdf Graphic file (type pdf)
<use ../../analysis_outputs/figures/fig12_swap_specificity_dashboard_bone.pdf>
Package pdftex.def Info: ../../analysis_outputs/figures/fig12_swap_specificity_dashboard_bone.pdf  used on input line 1025.
(pdftex.def)             Requested size: 469.75502pt x 469.78209pt.
 (../../analysis_outputs/tables/tail_risk_swap_bone.tex)
<../../analysis_outputs/figures/fig3_mechanism_bone_theta.pdf, id=804, 252.945pt x 215.00325pt>
File: ../../analysis_outputs/figures/fig3_mechanism_bone_theta.pdf Graphic file (type pdf)
<use ../../analysis_outputs/figures/fig3_mechanism_bone_theta.pdf>
Package pdftex.def Info: ../../analysis_outputs/figures/fig3_mechanism_bone_theta.pdf  used on input line 1053.
(pdftex.def)             Requested size: 230.18253pt x 195.6598pt.
<../../analysis_outputs/figures/fig3_mechanism_bone_ratio.pdf, id=805, 252.93806pt x 215.00325pt>
File: ../../analysis_outputs/figures/fig3_mechanism_bone_ratio.pdf Graphic file (type pdf)
<use ../../analysis_outputs/figures/fig3_mechanism_bone_ratio.pdf>
Package pdftex.def Info: ../../analysis_outputs/figures/fig3_mechanism_bone_ratio.pdf  used on input line 1055.
(pdftex.def)             Requested size: 230.18253pt x 195.66965pt.
 [34] [35 <../../analysis_outputs/figures/fig12_swap_specificity_dashboard_bone.pdf>]
<../../analysis_outputs/figures/fig4_operating_point_bone.pdf, id=861, 520.34384pt x 260.17201pt>
File: ../../analysis_outputs/figures/fig4_operating_point_bone.pdf Graphic file (type pdf)
<use ../../analysis_outputs/figures/fig4_operating_point_bone.pdf>
Package pdftex.def Info: ../../analysis_outputs/figures/fig4_operating_point_bone.pdf  used on input line 1070.
(pdftex.def)             Requested size: 469.75502pt x 234.89102pt.
<../../analysis_outputs/figures/fig5_sex_valve_bone.pdf, id=862, 520.34384pt x 260.17201pt>
File: ../../analysis_outputs/figures/fig5_sex_valve_bone.pdf Graphic file (type pdf)
<use ../../analysis_outputs/figures/fig5_sex_valve_bone.pdf>
Package pdftex.def Info: ../../analysis_outputs/figures/fig5_sex_valve_bone.pdf  used on input line 1078.
(pdftex.def)             Requested size: 469.75502pt x 234.89102pt.
<../../analysis_outputs/figures/fig6_function_tail_mediation_bone.pdf, id=866, 520.35983pt x 390.25798pt>
File: ../../analysis_outputs/figures/fig6_function_tail_mediation_bone.pdf Graphic file (type pdf)
<use ../../analysis_outputs/figures/fig6_function_tail_mediation_bone.pdf>
Package pdftex.def Info: ../../analysis_outputs/figures/fig6_function_tail_mediation_bone.pdf  used on input line 1092.
(pdftex.def)             Requested size: 469.75502pt x 352.31271pt.
 (../../analysis_outputs/tables/function_tail_mediation_LAB_phase1_bone.tex)
<../../analysis_outputs/figures/fig1_matched_males_bone.pdf, id=870, 250.17778pt x 215.00325pt>
File: ../../analysis_outputs/figures/fig1_matched_males_bone.pdf Graphic file (type pdf)
<use ../../analysis_outputs/figures/fig1_matched_males_bone.pdf>
Package pdftex.def Info: ../../analysis_outputs/figures/fig1_matched_males_bone.pdf  used on input line 1108.
(pdftex.def)             Requested size: 352.31625pt x 302.80357pt.
 [36 <../../analysis_outputs/figures/fig3_mechanism_bone_theta.pdf> <../../analysis_outputs/figures/fig3_mechanism_bone_ratio.pdf>] [37 <../../analysis_outputs/figures/fig4_operating_point_bone.pdf> <../../analysis_outputs/figures/fig5_sex_valve_bone.pdf>] [38 <../../analysis_outputs/figures/fig6_function_tail_mediation_bone.pdf>] [39 <../../analysis_outputs/figures/fig1_matched_males_bone.pdf>] (../../analysis_outputs/sij_micromotion/sij_micromotion_load_summary.tex) (../../analysis_outputs/sij_micromotion/sij_micromotion_swap_tests_LAB_phase1.tex) (../../analysis_outputs/sij_micromotion/sij_micromotion_swap_tests_LAB_phase2.tex) (../../analysis_outputs/sij_micromotion/sij_micromotion_swap_tests_LAB_phase3.tex) [40] (../../analysis_outputs/sij_micromotion/sij_micromotion_variance_channels_LAB_phase1.tex) (../../analysis_outputs/sij_micromotion/sij_micromotion_variance_channels_LAB_phase2.tex) (../../analysis_outputs/sij_micromotion/sij_micromotion_variance_channels_LAB_phase3.tex)
<../../analysis_outputs/figures/sij_micromotion_dashboard.pdf, id=1079, 547.04779pt x 815.64288pt>
File: ../../analysis_outputs/figures/sij_micromotion_dashboard.pdf Graphic file (type pdf)
<use ../../analysis_outputs/figures/sij_micromotion_dashboard.pdf>
Package pdftex.def Info: ../../analysis_outputs/figures/sij_micromotion_dashboard.pdf  used on input line 1208.
(pdftex.def)             Requested size: 469.75502pt x 700.41867pt.

Underfull \hbox (badness 1983) in paragraph at lines 1216--1216
[]\OT1/cmr/m/n/10.95 Figure 18: []\OT1/cmr/bx/n/10.95 SIJ mi-cro-mo-tion dash-board (pop-u-la-tion, pre-com-puted kine-mat-ics).
 []


LaTeX Warning: Float too large for page by 198.11789pt on input line 1218.

[41] [42 <../../analysis_outputs/figures/sij_micromotion_dashboard.pdf>] [43] [44]
<../../analysis_outputs/figures/material_uncertainty_dashboard.pdf, id=1156, 541.00961pt x 554.44678pt>
File: ../../analysis_outputs/figures/material_uncertainty_dashboard.pdf Graphic file (type pdf)
<use ../../analysis_outputs/figures/material_uncertainty_dashboard.pdf>
Package pdftex.def Info: ../../analysis_outputs/figures/material_uncertainty_dashboard.pdf  used on input line 1299.
(pdftex.def)             Requested size: 469.75502pt x 481.42572pt.
 [45] [46 <../../analysis_outputs/figures/material_uncertainty_dashboard.pdf>]
Overfull \hbox (9.15604pt too wide) in paragraph at lines 1350--1353
\OT1/cmr/m/n/10.95 tonic scale de-pen-dence: ro-ta-tion and trans-la-tional am-pli-tudes cor-re-late with isotropic scale (Fig. []20[][]E[]).
 []

<../../analysis_outputs/figures/allometry_dashboard.pdf, id=1205, 517.05383pt x 299.99854pt>
File: ../../analysis_outputs/figures/allometry_dashboard.pdf Graphic file (type pdf)
<use ../../analysis_outputs/figures/allometry_dashboard.pdf>
Package pdftex.def Info: ../../analysis_outputs/figures/allometry_dashboard.pdf  used on input line 1356.
(pdftex.def)             Requested size: 469.75502pt x 272.56422pt.
(../../analysis_outputs/tables/allometry_summary.tex) [47] [48 <../../analysis_outputs/figures/allometry_dashboard.pdf>] [49

] [50] [51] [52] [53] (../../analysis_outputs/material_uncertainty/material_uncertainty_table.tex) (../../analysis_outputs/ligament_uncertainty/ligament_uncertainty_table.tex) [54] [55] [56] (./manuscript.bbl [57] [58]) [59] (%OUTDIR%/manuscript.aux)
 ***********
LaTeX2e <2023-11-01> patch level 1
L3 programming layer <2024-01-22>
 ***********
Package rerunfilecheck Info: File `manuscript.out' has not changed.
(rerunfilecheck)             Checksum: CBE5B15486D434D3BE8F64D54357F190;11518.
 ) 
Here is how much of TeX's memory you used:
 12584 strings out of 476106
 207200 string characters out of 5793933
 1964975 words of memory out of 5000000
 34010 multiletter control sequences out of 15000+600000
 578839 words of font info for 112 fonts, out of 8000000 for 9000
 59 hyphenation exceptions out of 8191
 75i,12n,79p,1762b,621s stack positions out of 10000i,1000n,20000p,200000b,200000s
</usr/share/texlive/texmf-dist/fonts/type1/public/amsfonts/cm/cmbx10.pfb></usr/share/texlive/texmf-dist/fonts/type1/public/amsfonts/cm/cmbx12.pfb></usr/share/texlive/texmf-dist/fonts/type1/public/amsfonts/cm/cmbx9.pfb></usr/share/texlive/texmf-dist/fonts/type1/public/amsfonts/cm/cmex10.pfb></usr/share/texlive/texmf-dist/fonts/type1/public/amsfonts/cm/cmmi10.pfb></usr/share/texlive/texmf-dist/fonts/type1/public/amsfonts/cm/cmmi12.pfb></usr/share/texlive/texmf-dist/fonts/type1/public/amsfonts/cm/cmmi6.pfb></usr/share/texlive/texmf-dist/fonts/type1/public/amsfonts/cm/cmmi7.pfb></usr/share/texlive/texmf-dist/fonts/type1/public/amsfonts/cm/cmmi8.pfb></usr/share/texlive/texmf-dist/fonts/type1/public/amsfonts/cm/cmmi9.pfb></usr/share/texlive/texmf-dist/fonts/type1/public/amsfonts/cm/cmmib10.pfb></usr/share/texlive/texmf-dist/fonts/type1/public/amsfonts/cmextra/cmmib9.pfb></usr/share/texlive/texmf-dist/fonts/type1/public/amsfonts/cm/cmr10.pfb></usr/share/texlive/texmf-dist/fonts/type1/public/amsfonts/cm/cmr12.pfb></usr/share/texlive/texmf-dist/fonts/type1/public/amsfonts/cm/cmr17.pfb></usr/share/texlive/texmf-dist/fonts/type1/public/amsfonts/cm/cmr5.pfb></usr/share/texlive/texmf-dist/fonts/type1/public/amsfonts/cm/cmr6.pfb></usr/share/texlive/texmf-dist/fonts/type1/public/amsfonts/cm/cmr7.pfb></usr/share/texlive/texmf-dist/fonts/type1/public/amsfonts/cm/cmr8.pfb></usr/share/texlive/texmf-dist/fonts/type1/public/amsfonts/cm/cmr9.pfb></usr/share/texlive/texmf-dist/fonts/type1/public/amsfonts/cm/cmsy10.pfb></usr/share/texlive/texmf-dist/fonts/type1/public/amsfonts/cm/cmsy6.pfb></usr/share/texlive/texmf-dist/fonts/type1/public/amsfonts/cm/cmsy7.pfb></usr/share/texlive/texmf-dist/fonts/type1/public/amsfonts/cm/cmsy8.pfb></usr/share/texlive/texmf-dist/fonts/type1/public/amsfonts/cm/cmsy9.pfb></usr/share/texlive/texmf-dist/fonts/type1/public/amsfonts/cm/cmti10.pfb></usr/share/texlive/texmf-dist/fonts/type1/public/amsfonts/cm/cmtt10.pfb></usr/share/texlive/texmf-dist/fonts/type1/public/amsfonts/symbols/msam10.pfb></usr/share/texlive/texmf-dist/fonts/type1/public/amsfonts/symbols/msbm10.pfb></usr/share/texmf/fonts/type1/public/cm-super/sfrm1095.pfb>
Output written on %OUTDIR%/manuscript.pdf (59 pages, 4703348 bytes).
PDF statistics:
 1604 PDF objects out of 1728 (max. 8388607)
 1188 compressed objects within 12 object streams
 337 named destinations out of 1000 (max. 500000)
 410 words of extra memory for PDF output out of 10000 (max. 10000000)

